// Jest Snapshot v1, https://goo.gl/fbAQLP

exports[`<Toggle /> should contain default text 1`] = `
<div
  class="SelectWrapper-sc-1elffer-0 fZdpiz"
>
  <select
    class="Select-fhpbt0-0 cgpFOs"
  >
    <option
      value="en"
    >
      someContent
    </option>
    <option
      value="de"
    >
      someOtherContent
    </option>
  </select>
  <div
    class="Arrow-sc-172g500-0 jcSFyu"
  />
</div>
`;
